// Jest Snapshot v1, https://goo.gl/fbAQLP

exports[`PacmanPositionReport should render without throwing an error 1`] = `
<div
  className="report alert alert-info"
>
  <span>
    Pacman's current position is: 
    1
    , 
    1
    , 
    NORTH
  </span>
</div>
`;
