// Jest Snapshot v1, https://goo.gl/fbAQLP

exports[`Header should render without throwing an error 1`] = `
<header
  className="pacman-simulator-header"
>
  <h5
    className="ml-3 header-text"
  >
    Pacman Simulator
  </h5>
</header>
`;
